npm warn "work/t06/tauri.test.json" is being parsed as a normal command line argument.
npm warn Unknown cli config "--debug". This will stop working in the next major version of npm.
npm warn Unknown cli config "--bundle". This will stop working in the next major version of npm.
npm warn Unknown cli config "--config". This will stop working in the next major version of npm.

> kinshoko@0.1.0 tauri
> tauri build work/t06/tauri.test.json

        Info Looking up installed tauri packages to check mismatched versions...
     Running beforeBuildCommand `npm run vite:build`
npm warn Unknown env config "config". This will stop working in the next major version of npm. See `npm help npmrc` for supported config options.
npm warn Unknown env config "debug". This will stop working in the next major version of npm. See `npm help npmrc` for supported config options.

> kinshoko@0.1.0 vite:build
> vite build

vite v8.3.3 building client environment for production...
transforming...
✓ 64 modules transformed.
rendering chunks...
computing gzip size...
dist/index.html                   0.40 kB │ gzip:   0.27 kB
dist/assets/index-BX4yaQwo.css   34.94 kB │ gzip:   7.53 kB
dist/assets/index-PzBdXisj.js   415.35 kB │ gzip: 125.55 kB

✓ built in 385ms
error: unexpected argument 'work/t06/tauri.test.json' found

Usage: cargo.exe build [OPTIONS]

For more information, try '--help'.
failed to build app: failed to build app
       Error failed to build app: failed to build app
